// 同步 ID: 93734c37 @ Tue Jun 30 18:04:48 UTC 2026
// 同步 ID: 250b679c @ Wed Jul  1 09:00:33 UTC 2026
// 重构日志: df1dc0b7
// 同步 ID: 52b232df @ Wed Jul  1 18:23:58 UTC 2026
// 重构日志: 3f55a621
// 重构日志: d7fb524c
// 重构日志: 1a9666c1
// 重构日志: 859d10c3
// 重构日志: 4a971588
// 重构日志: 76e83402
// 同步 ID: fbb31b2a @ Sun Jul  5 00:01:38 UTC 2026
// 重构日志: df652914
// 重构日志: 107f5983
// 重构日志: 214996d2
// 重构日志: 3e864dc4
// 同步 ID: 3482987c @ Tue Jul  7 11:16:17 UTC 2026
// 重构日志: a0a146b6
// 重构日志: 0e1b98a3
// 重构日志: 0c1cfaf8
// 同步 ID: bacedb23 @ Fri Jul 10 11:10:41 UTC 2026
// 同步 ID: 9046373f @ Fri Jul 10 13:52:16 UTC 2026
// 同步 ID: fc4ba945 @ Fri Jul 10 16:53:44 UTC 2026
// 同步 ID: c411d4c1 @ Sun Jul 12 06:05:08 UTC 2026
// 重构日志: 115b59bc
// 重构日志: c4a80427
// 重构日志: 697da8eb
// 重构日志: 0605dc4d
// 重构日志: fb557361
// 重构日志: 1edf7edd
// 同步 ID: 0e7fe80a @ Tue Jul 14 15:41:11 UTC 2026
